// Jest Snapshot v1, https://goo.gl/fbAQLP

exports[`Welcome Welcome renders hello world 1`] = `
<div>
  Hello world
</div>
`;
